// Jest Snapshot v1, https://goo.gl/fbAQLP

exports[`renders correctly the desktop field 1`] = `
<fieldset
  className="MuiFormControl-root-1 MuiFormControl-fullWidth-4"
>
  <label
    className="MuiFormLabel-root-16 MuiInputLabel-root-5 MuiInputLabel-formControl-10 MuiInputLabel-animated-13"
    data-shrink={false}
  >
    field
  </label>
  <div
    className="MuiInputBase-root-36 MuiInput-root-23 MuiInput-underline-27 MuiInputBase-fullWidth-45 MuiInput-fullWidth-30 MuiInputBase-formControl-37 MuiInput-formControl-24"
    onClick={[Function]}
  >
    <input
      className="Component-root-53"
      onBlur={[Function]}
      onChange={[Function]}
      onFocus={[Function]}
      style={
        Object {
          "base": Object {
            "color": "rgba(0, 0, 0, 0.87)",
            "fontFamily": "\\"Roboto\\", \\"Helvetica\\", \\"Arial\\", sans-serif",
            "fontSize": "14px",
          },
          "invalid": Object {
            "color": "#f44336",
          },
        }
      }
    />
  </div>
  <p
    className="MuiFormHelperText-root-54"
  />
</fieldset>
`;
