// Jest Snapshot v1, https://goo.gl/fbAQLP

exports[`when component is mounted when user is logged in renders correctly 1`] = `
<div
  name="products"
  path="/products/homepage"
  render={[Function]}
>
   - Render: 
  <div
    id={1}
    name="game"
    path="/game_setting"
    render={[Function]}
  >
    Info -
     
    <div
      className="Component-root-9"
    >
      <div
        className="Component-header-7"
      />
      <div
        className="Component-container-4"
      >
        <img
          alt="Prizey"
          className="Component-logoImage-8"
          src="/logo.png"
        />
        <div
          className="Component-caption-2"
        />
        <div
          className="Component-children-3"
        >
          <a
            className="Component-root-1"
            href="/game"
            onClick={[Function]}
          >
            <div
              className="Component-root-11"
            >
              <div
                aria-label="rouletteItem-0"
                onMouseDown={[Function]}
              >
                <img
                  alt="trump"
                  className="Component-img-10"
                  pose="enter"
                  speed={NaN}
                  src="/mocks/trump-mask.png"
                />
              </div>
              <div
                aria-label="rouletteItem-1"
                onMouseDown={[Function]}
              >
                <img
                  alt="sweatshirt"
                  className="Component-img-10"
                  pose="leave"
                  speed={NaN}
                  src="/mocks/sweatshirt.png"
                />
              </div>
              <div
                aria-label="rouletteItem-2"
                onMouseDown={[Function]}
              >
                <img
                  alt="shoe"
                  className="Component-img-10"
                  pose="leave"
                  speed={NaN}
                  src="/mocks/shoe.png"
                />
              </div>
            </div>
            <br />
            <h5
              className="MuiTypography-root-12 MuiTypography-h5-28 MuiTypography-alignCenter-35"
            >
              Tap the screen, 
              <br />
              win what you tap.
            </h5>
            <button
              aria-label="I want it"
              className="MuiButtonBase-root-74 MuiButton-root-48 MuiButton-contained-59 MuiButton-containedPrimary-60 MuiButton-raised-62 MuiButton-raisedPrimary-63 MuiButton-fullWidth-73"
              disabled={false}
              onBlur={[Function]}
              onContextMenu={[Function]}
              onFocus={[Function]}
              onKeyDown={[Function]}
              onKeyUp={[Function]}
              onMouseDown={[Function]}
              onMouseLeave={[Function]}
              onMouseUp={[Function]}
              onTouchEnd={[Function]}
              onTouchMove={[Function]}
              onTouchStart={[Function]}
              tabIndex="0"
              type="button"
            >
              <span
                className="MuiButton-label-49"
              >
                PLAY FOR $1
              </span>
              <span
                className="MuiTouchRipple-root-77"
              />
            </button>
          </a>
        </div>
        <div
          className="Component-footer-5"
        >
          <a
            className="Component-footerLink-6"
            href="https://termly.io/en/"
            rel="noopener noreferrer"
            target="_blank"
          >
            <span
              className="MuiTypography-root-12 MuiTypography-caption-22 MuiTypography-colorTextSecondary-45 MuiTypography-alignCenter-35"
            >
              TERMS
            </span>
          </a>
          <a
            className="Component-footerLink-6"
            href="https://termly.io/en/"
            rel="noopener noreferrer"
            target="_blank"
          >
            <span
              className="MuiTypography-root-12 MuiTypography-caption-22 MuiTypography-colorTextSecondary-45 MuiTypography-alignCenter-35"
            >
              PRIVACY
            </span>
          </a>
          <a
            className="Component-footerLink-6"
            href="https://termly.io/en/"
            rel="noopener noreferrer"
            target="_blank"
          >
            <span
              className="MuiTypography-root-12 MuiTypography-caption-22 MuiTypography-colorTextSecondary-45 MuiTypography-alignCenter-35"
            >
              FAIRNESS
            </span>
          </a>
          <a
            className="Component-footerLink-6"
            href="https://termly.io/en/"
            rel="noopener noreferrer"
            target="_blank"
          >
            <span
              className="MuiTypography-root-12 MuiTypography-caption-22 MuiTypography-colorTextSecondary-45 MuiTypography-alignCenter-35"
            >
              ALL PRIZES
            </span>
          </a>
        </div>
      </div>
    </div>
  </div>
</div>
`;

exports[`when component is mounted when user is not logged in redirects correctly 1`] = `
<div
  name="products"
  path="/products/homepage"
  render={[Function]}
>
   - Render: 
  <div
    id={1}
    name="game"
    path="/game_setting"
    render={[Function]}
  >
    Info -
     
    <div
      className="Component-root-9"
    >
      <div
        className="Component-header-7"
      />
      <div
        className="Component-container-4"
      >
        <img
          alt="Prizey"
          className="Component-logoImage-8"
          src="/logo.png"
        />
        <div
          className="Component-caption-2"
        />
        <div
          className="Component-children-3"
        >
          <a
            className="Component-root-1"
            href="/game"
            onClick={[Function]}
          >
            <div
              className="Component-root-11"
            >
              <div
                aria-label="rouletteItem-0"
                onMouseDown={[Function]}
              >
                <img
                  alt="trump"
                  className="Component-img-10"
                  pose="enter"
                  speed={NaN}
                  src="/mocks/trump-mask.png"
                />
              </div>
              <div
                aria-label="rouletteItem-1"
                onMouseDown={[Function]}
              >
                <img
                  alt="sweatshirt"
                  className="Component-img-10"
                  pose="leave"
                  speed={NaN}
                  src="/mocks/sweatshirt.png"
                />
              </div>
              <div
                aria-label="rouletteItem-2"
                onMouseDown={[Function]}
              >
                <img
                  alt="shoe"
                  className="Component-img-10"
                  pose="leave"
                  speed={NaN}
                  src="/mocks/shoe.png"
                />
              </div>
            </div>
            <br />
            <h5
              className="MuiTypography-root-12 MuiTypography-h5-28 MuiTypography-alignCenter-35"
            >
              Tap the screen, 
              <br />
              win what you tap.
            </h5>
            <button
              aria-label="I want it"
              className="MuiButtonBase-root-74 MuiButton-root-48 MuiButton-contained-59 MuiButton-containedPrimary-60 MuiButton-raised-62 MuiButton-raisedPrimary-63 MuiButton-fullWidth-73"
              disabled={false}
              onBlur={[Function]}
              onContextMenu={[Function]}
              onFocus={[Function]}
              onKeyDown={[Function]}
              onKeyUp={[Function]}
              onMouseDown={[Function]}
              onMouseLeave={[Function]}
              onMouseUp={[Function]}
              onTouchEnd={[Function]}
              onTouchMove={[Function]}
              onTouchStart={[Function]}
              tabIndex="0"
              type="button"
            >
              <span
                className="MuiButton-label-49"
              >
                PLAY FOR $1
              </span>
              <span
                className="MuiTouchRipple-root-77"
              />
            </button>
          </a>
        </div>
        <div
          className="Component-footer-5"
        >
          <a
            className="Component-footerLink-6"
            href="https://termly.io/en/"
            rel="noopener noreferrer"
            target="_blank"
          >
            <span
              className="MuiTypography-root-12 MuiTypography-caption-22 MuiTypography-colorTextSecondary-45 MuiTypography-alignCenter-35"
            >
              TERMS
            </span>
          </a>
          <a
            className="Component-footerLink-6"
            href="https://termly.io/en/"
            rel="noopener noreferrer"
            target="_blank"
          >
            <span
              className="MuiTypography-root-12 MuiTypography-caption-22 MuiTypography-colorTextSecondary-45 MuiTypography-alignCenter-35"
            >
              PRIVACY
            </span>
          </a>
          <a
            className="Component-footerLink-6"
            href="https://termly.io/en/"
            rel="noopener noreferrer"
            target="_blank"
          >
            <span
              className="MuiTypography-root-12 MuiTypography-caption-22 MuiTypography-colorTextSecondary-45 MuiTypography-alignCenter-35"
            >
              FAIRNESS
            </span>
          </a>
          <a
            className="Component-footerLink-6"
            href="https://termly.io/en/"
            rel="noopener noreferrer"
            target="_blank"
          >
            <span
              className="MuiTypography-root-12 MuiTypography-caption-22 MuiTypography-colorTextSecondary-45 MuiTypography-alignCenter-35"
            >
              ALL PRIZES
            </span>
          </a>
        </div>
      </div>
    </div>
  </div>
</div>
`;
