// Jest Snapshot v1, https://goo.gl/fbAQLP

exports[`renders correctly 1`] = `
<div
  render={[Function]}
  renderCreated={[Function]}
  setCurrentUser={[Function]}
>
  New - 
  <div>
    render - 
    <div
      className="Component-root-9"
    >
      <div
        className="Component-header-7"
      />
      <div
        className="Component-container-4"
      >
        <img
          alt="Prizey"
          className="Component-logoImage-8"
          src="/logo.png"
        />
        <div
          className="Component-caption-2"
        />
        <div
          className="Component-children-3"
        >
          <h5
            className="MuiTypography-root-10 MuiTypography-h5-26 MuiTypography-alignCenter-33 Component-pageTitle-1"
          >
            Recover Your Password
          </h5>
          <div
            onSubmit={[Function]}
            renderButton={[Function]}
          >
            NewPassword - 
            <button
              className="MuiButtonBase-root-72 MuiButton-root-46 MuiButton-contained-57 MuiButton-containedPrimary-58 MuiButton-raised-60 MuiButton-raisedPrimary-61 MuiButton-fullWidth-71"
              disabled={false}
              onBlur={[Function]}
              onContextMenu={[Function]}
              onFocus={[Function]}
              onKeyDown={[Function]}
              onKeyUp={[Function]}
              onMouseDown={[Function]}
              onMouseLeave={[Function]}
              onMouseUp={[Function]}
              onSubmit={[Function]}
              onTouchEnd={[Function]}
              onTouchMove={[Function]}
              onTouchStart={[Function]}
              renderButton={[Function]}
              tabIndex="0"
              type="button"
            >
              <span
                className="MuiButton-label-47"
              >
                SET NEW PASSWORD
              </span>
              <span
                className="MuiTouchRipple-root-75"
              />
            </button>
          </div>
        </div>
        <div
          className="Component-footer-5"
        >
          <a
            className="Component-footerLink-6"
            href="https://app.termly.io/document/terms-and-conditions/4de5f3bb-a333-47bb-9daf-f82f7d4e1cfb"
            rel="noopener noreferrer"
            target="_blank"
          >
            <span
              className="MuiTypography-root-10 MuiTypography-caption-20 MuiTypography-colorTextSecondary-43 MuiTypography-alignCenter-33"
            >
              TERMS
            </span>
          </a>
          <a
            className="Component-footerLink-6"
            href="https://app.termly.io/document/privacy-policy/8192f107-a2dc-4548-bf83-97907c6d83c3"
            rel="noopener noreferrer"
            target="_blank"
          >
            <span
              className="MuiTypography-root-10 MuiTypography-caption-20 MuiTypography-colorTextSecondary-43 MuiTypography-alignCenter-33"
            >
              PRIVACY
            </span>
          </a>
          <a
            className="Component-footerLink-6"
            href="https://termly.io/en/"
            rel="noopener noreferrer"
            target="_blank"
          >
            <span
              className="MuiTypography-root-10 MuiTypography-caption-20 MuiTypography-colorTextSecondary-43 MuiTypography-alignCenter-33"
            >
              FAIRNESS
            </span>
          </a>
          <a
            className="Component-footerLink-6"
            href="/all-prizes"
            rel="noopener noreferrer"
            target="_blank"
          >
            <span
              className="MuiTypography-root-10 MuiTypography-caption-20 MuiTypography-colorTextSecondary-43 MuiTypography-alignCenter-33"
            >
              ALL PRIZES
            </span>
          </a>
        </div>
      </div>
    </div>
  </div>
  <div>
    renderCreated - 
    <div
      noThrow={true}
      to="/"
    >
      Redirect - 
    </div>
  </div>
</div>
`;
