// Jest Snapshot v1, https://goo.gl/fbAQLP

exports[`redirects correctly 1`] = `null`;

exports[`renders correctly 1`] = `
<div
  className="Component-root-6"
>
  <div
    className="Component-header-5"
  >
    <a
      aria-current="page"
      aria-label="Go Back"
      className="MuiButtonBase-root-14 MuiIconButton-root-8 Component-root-7"
      href="/"
      onBlur={[Function]}
      onClick={[Function]}
      onContextMenu={[Function]}
      onFocus={[Function]}
      onKeyDown={[Function]}
      onKeyUp={[Function]}
      onMouseDown={[Function]}
      onMouseLeave={[Function]}
      onMouseUp={[Function]}
      onTouchEnd={[Function]}
      onTouchMove={[Function]}
      onTouchStart={[Function]}
      role="button"
      tabIndex="0"
    >
      <span
        className="MuiIconButton-label-13"
      >
        <svg
          aria-hidden="true"
          className="MuiSvgIcon-root-17 MuiSvgIcon-fontSizeLarge-25"
          focusable="false"
          role="presentation"
          viewBox="0 0 24 24"
        >
          <path
            d="M15.41 16.59L10.83 12l4.58-4.59L14 6l-6 6 6 6 1.41-1.41z"
          />
          <path
            d="M0 0h24v24H0V0z"
            fill="none"
          />
        </svg>
      </span>
      <span
        className="MuiTouchRipple-root-88"
      />
    </a>
  </div>
  <div
    className="Component-container-4"
  >
    <h2
      className="MuiTypography-root-26 MuiTypography-h2-39 MuiTypography-alignCenter-49"
    >
      PRIZEY
    </h2>
    <div
      className="Component-caption-2"
    />
    <div
      className="Component-children-3"
    >
      <h5
        className="MuiTypography-root-26 MuiTypography-h5-42 MuiTypography-alignCenter-49"
      >
        Sweet!
      </h5>
      <img
        alt="Trump mask"
        className="Component-productImage-1"
        src="/mock/trump-mask.png"
      />
      <p
        className="MuiTypography-root-26 MuiTypography-body1-35 MuiTypography-alignCenter-49"
      >
        We'll confirm through email.
      </p>
      <button
        aria-label="Play again"
        className="MuiButtonBase-root-14 MuiButton-root-62 MuiButton-contained-73 MuiButton-containedPrimary-74 MuiButton-raised-76 MuiButton-raisedPrimary-77 MuiButton-fullWidth-87"
        disabled={false}
        onBlur={[Function]}
        onClick={[Function]}
        onContextMenu={[Function]}
        onFocus={[Function]}
        onKeyDown={[Function]}
        onKeyUp={[Function]}
        onMouseDown={[Function]}
        onMouseLeave={[Function]}
        onMouseUp={[Function]}
        onTouchEnd={[Function]}
        onTouchMove={[Function]}
        onTouchStart={[Function]}
        tabIndex="0"
        type="button"
      >
        <span
          className="MuiButton-label-63"
        >
          PLAY AGAIN
        </span>
        <span
          className="MuiTouchRipple-root-88"
        />
      </button>
    </div>
    <p
      className="MuiTypography-root-26 MuiTypography-body1-35 MuiTypography-alignCenter-49"
    />
  </div>
</div>
`;
