// Jest Snapshot v1, https://goo.gl/fbAQLP

exports[`renders correctly 1`] = `
<div
  baseUrl="https://paynow-staging.herokuapp.com"
>
  Provider - 
  <div>
    New React App
  </div>
</div>
`;
