// Jest Snapshot v1, https://goo.gl/fbAQLP

exports[`when component is mounted renders correctly 1`] = `null`;
