// Jest Snapshot v1, https://goo.gl/fbAQLP

exports[`renders correctly 1`] = `
<div
  afterCreate={[Function]}
  name="tickets"
  path="/ticket_transactions"
  render={[Function]}
>
  New - 
  <div>
    render - 
    <button
      aria-label="action-button"
      className="MuiButtonBase-root-30 MuiButton-root-4 MuiButton-contained-15 MuiButton-containedSecondary-17 MuiButton-raised-18 MuiButton-raisedSecondary-20 MuiButton-fullWidth-29"
      disabled={false}
      onBlur={[Function]}
      onClick={[Function]}
      onContextMenu={[Function]}
      onFocus={[Function]}
      onKeyDown={[Function]}
      onKeyUp={[Function]}
      onMouseDown={[Function]}
      onMouseLeave={[Function]}
      onMouseUp={[Function]}
      onTouchEnd={[Function]}
      onTouchMove={[Function]}
      onTouchStart={[Function]}
      tabIndex="0"
      type="button"
    >
      <span
        className="MuiButton-label-5"
      >
        <span>
          SELL IT BACK
        </span>
        <div
          className="Component-rightIcon-3"
        >
          <img
            alt="diamond"
            className="Component-icon-1"
            src="/icons/diamond.png"
          />
          <span
            className="Component-quantity-2"
          >
            3
          </span>
        </div>
      </span>
      <span
        className="MuiTouchRipple-root-33"
      />
    </button>
  </div>
</div>
`;
