// Jest Snapshot v1, https://goo.gl/fbAQLP

exports[`get the purchase details 1`] = `"10 Diamonds = $ 10.00"`;

exports[`redirects correctly 1`] = `null`;

exports[`renders correctly 1`] = `
<div
  name="purchaseOptions"
  path="/purchase_options"
  render={[Function]}
>
   - Render: 
  <div
    apiKey="pk_test_iZ0Zhbe6LCwVBFX1B7b0qhWq00eFCM2s7B"
  >
    <div
      className="Component-root-7"
    >
      <div
        className="Component-header-6"
      >
        <a
          aria-label="Go Back"
          className="MuiButtonBase-root-15 MuiIconButton-root-9 Component-root-8"
          href="/buy-diamonds"
          onBlur={[Function]}
          onClick={[Function]}
          onContextMenu={[Function]}
          onFocus={[Function]}
          onKeyDown={[Function]}
          onKeyUp={[Function]}
          onMouseDown={[Function]}
          onMouseLeave={[Function]}
          onMouseUp={[Function]}
          onTouchEnd={[Function]}
          onTouchMove={[Function]}
          onTouchStart={[Function]}
          role="button"
          tabIndex="0"
        >
          <span
            className="MuiIconButton-label-14"
          >
            <svg
              aria-hidden="true"
              className="MuiSvgIcon-root-18 MuiSvgIcon-fontSizeLarge-26"
              focusable="false"
              role="presentation"
              viewBox="0 0 24 24"
            >
              <path
                d="M15.41 16.59L10.83 12l4.58-4.59L14 6l-6 6 6 6 1.41-1.41z"
              />
              <path
                d="M0 0h24v24H0V0z"
                fill="none"
              />
            </svg>
          </span>
          <span
            className="MuiTouchRipple-root-247"
          />
        </a>
      </div>
      <div
        className="Component-container-5"
      >
        <h2
          className="MuiTypography-root-27 MuiTypography-h2-40 MuiTypography-alignCenter-50"
        >
          PRIZEY
        </h2>
        <div
          className="Component-caption-3"
        />
        <div
          className="Component-children-4"
        >
          <h5
            className="MuiTypography-root-27 MuiTypography-h5-43 MuiTypography-alignCenter-50 Component-purchase-2"
          >
            <img
              alt="diamond"
              className="Component-icon-1"
              src="/icons/diamond.png"
            />
            10 Diamonds = $ 10.00
          </h5>
          <div
            afterCreate={[Function]}
            name="payments"
            render={[Function]}
          >
            New - 
            <div>
              render - 
              <div>
                <form
                  onSubmit={[Function]}
                >
                  <fieldset
                    className="MuiFormControl-root-63 MuiFormControl-fullWidth-66"
                  >
                    <label
                      className="MuiFormLabel-root-78 MuiInputLabel-root-67 MuiInputLabel-formControl-72 MuiInputLabel-animated-75"
                      data-shrink={false}
                    >
                      Card Number
                    </label>
                    <div
                      className="MuiInputBase-root-98 MuiInput-root-85 MuiInput-underline-89 MuiInputBase-fullWidth-107 MuiInput-fullWidth-92 MuiInputBase-formControl-99 MuiInput-formControl-86"
                      onClick={[Function]}
                    >
                      <input
                        className="Component-root-115"
                        onBlur={[Function]}
                        onChange={[Function]}
                        onFocus={[Function]}
                        style={
                          Object {
                            "base": Object {
                              "color": "rgba(0, 0, 0, 0.87)",
                              "fontFamily": "\\"Roboto\\", \\"Helvetica\\", \\"Arial\\", sans-serif",
                              "fontSize": "14px",
                            },
                            "invalid": Object {
                              "color": "#f44336",
                            },
                          }
                        }
                      />
                    </div>
                    <p
                      className="MuiFormHelperText-root-116"
                    />
                  </fieldset>
                  <div
                    className="MuiGrid-container-124 MuiGrid-spacing-xs-24-148"
                  >
                    <div
                      className="MuiGrid-item-125 MuiGrid-grid-xs-true-152"
                    >
                      <fieldset
                        className="MuiFormControl-root-63 MuiFormControl-fullWidth-66"
                      >
                        <label
                          className="MuiFormLabel-root-78 MuiInputLabel-root-67 MuiInputLabel-formControl-72 MuiInputLabel-animated-75"
                          data-shrink={false}
                        >
                          Expiry (MM / YY)
                        </label>
                        <div
                          className="MuiInputBase-root-98 MuiInput-root-85 MuiInput-underline-89 MuiInputBase-fullWidth-107 MuiInput-fullWidth-92 MuiInputBase-formControl-99 MuiInput-formControl-86"
                          onClick={[Function]}
                        >
                          <input
                            className="Component-root-115"
                            onBlur={[Function]}
                            onChange={[Function]}
                            onFocus={[Function]}
                            style={
                              Object {
                                "base": Object {
                                  "color": "rgba(0, 0, 0, 0.87)",
                                  "fontFamily": "\\"Roboto\\", \\"Helvetica\\", \\"Arial\\", sans-serif",
                                  "fontSize": "14px",
                                },
                                "invalid": Object {
                                  "color": "#f44336",
                                },
                              }
                            }
                          />
                        </div>
                        <p
                          className="MuiFormHelperText-root-116"
                        />
                      </fieldset>
                    </div>
                    <div
                      className="MuiGrid-item-125 MuiGrid-grid-xs-true-152"
                    >
                      <fieldset
                        className="MuiFormControl-root-63 MuiFormControl-fullWidth-66"
                      >
                        <label
                          className="MuiFormLabel-root-78 MuiInputLabel-root-67 MuiInputLabel-formControl-72 MuiInputLabel-animated-75"
                          data-shrink={false}
                        >
                          CVC
                        </label>
                        <div
                          className="MuiInputBase-root-98 MuiInput-root-85 MuiInput-underline-89 MuiInputBase-fullWidth-107 MuiInput-fullWidth-92 MuiInputBase-formControl-99 MuiInput-formControl-86"
                          onClick={[Function]}
                        >
                          <input
                            className="Component-root-115"
                            onBlur={[Function]}
                            onChange={[Function]}
                            onFocus={[Function]}
                            style={
                              Object {
                                "base": Object {
                                  "color": "rgba(0, 0, 0, 0.87)",
                                  "fontFamily": "\\"Roboto\\", \\"Helvetica\\", \\"Arial\\", sans-serif",
                                  "fontSize": "14px",
                                },
                                "invalid": Object {
                                  "color": "#f44336",
                                },
                              }
                            }
                          />
                        </div>
                        <p
                          className="MuiFormHelperText-root-116"
                        />
                      </fieldset>
                    </div>
                  </div>
                  <button
                    className="MuiButtonBase-root-15 MuiButton-root-221 MuiButton-contained-232 MuiButton-containedPrimary-233 MuiButton-raised-235 MuiButton-raisedPrimary-236 MuiButton-fullWidth-246"
                    disabled={false}
                    onBlur={[Function]}
                    onContextMenu={[Function]}
                    onFocus={[Function]}
                    onKeyDown={[Function]}
                    onKeyUp={[Function]}
                    onMouseDown={[Function]}
                    onMouseLeave={[Function]}
                    onMouseUp={[Function]}
                    onTouchEnd={[Function]}
                    onTouchMove={[Function]}
                    onTouchStart={[Function]}
                    tabIndex="0"
                    type="submit"
                  >
                    <span
                      className="MuiButton-label-222"
                    >
                      PAY
                    </span>
                    <span
                      className="MuiTouchRipple-root-247"
                    />
                  </button>
                </form>
              </div>
            </div>
          </div>
        </div>
        <p
          className="MuiTypography-root-27 MuiTypography-body1-36 MuiTypography-alignCenter-50"
        />
      </div>
    </div>
  </div>
</div>
`;
